prover 8ede15b4e8c1, 2026-09-12T01:29:28Z
PASS both drives start closed
PASS published: v1.22.20-beta.10 at 672b6e7, not a draft, newest in the beta feed
PASS update: 1.22.20-beta.9 -> 1.22.20-beta.10 in 34 s, signed and notarised
PASS bitlocker open: 14 s at /Volumes/BACKUP2_TS
    big  copy     123.4s     8.7 MB/s  osascript 0  4 identical, 0 differing, 0 missing
    big  finder  progress window: Copy; zero-length seen at once: 3; ._ seen: 0, left: 0
    tree copy       9.1s     0.9 MB/s  osascript 0  2000 identical, 0 differing, 0 missing
    tree finder  progress window: Copy; zero-length seen at once: 0; ._ seen: 0, left: 0
    tree delete     1.27s  osascript 0  gone from its folder
    0 failures
PASS bitlocker write: 1024 MB at 8.7 MB/s and 2000 small files in 9.1 s, every byte identical
PASS bitlocker delete: 2000 small files in 1.27 s
PASS bitlocker eject: 13 s
PASS bitlocker reopen: 16 s at /Volumes/BACKUP2_TS
PASS bitlocker read: 512 MB at 38.3 MB/s, every byte identical (passes: 30.2 38.3 45.1)
PASS bitlocker speed: write 8.7 was 8.5 read 38.3 was 41.0 tree 9.1 was 8.9 on 
PASS bitlocker eject: 5 s
PASS keys: Lukotta Beta offered the saved key for /dev/disk4s1 on both opens
PASS ntfs open: 10 s at /Volumes/SANDISK
    big  copy      14.6s    73.5 MB/s  osascript 0  4 identical, 0 differing, 0 missing
    big  finder  progress window: Copy; zero-length seen at once: 3; ._ seen: 0, left: 0
    tree copy       4.8s     1.7 MB/s  osascript 0  2000 identical, 0 differing, 0 missing
    tree finder  progress window: Copy; zero-length seen at once: 0; ._ seen: 0, left: 0
    tree delete     1.33s  osascript 0  gone from its folder
    0 failures
PASS ntfs write: 1024 MB at 73.5 MB/s and 2000 small files in 4.8 s, every byte identical
PASS ntfs delete: 2000 small files in 1.33 s
PASS ntfs eject: 5 s
PASS ntfs reopen: 10 s at /Volumes/SANDISK
PASS ntfs read: 512 MB at 105.3 MB/s, every byte identical (passes: 105.3 116.7 74.6)
PASS ntfs speed: write 73.5 was 70.6 read 105.3 was 105.3 tree 4.8 was 4.9 on Ultra Fit
PASS ntfs eject: 3 s
PASS quit: 1 s
VERDICT 1.22.20-beta.10: proven
