prover 0652d1e77be6, 2026-09-12T14:56:34Z
PASS both drives start closed
PASS published: v1.22.20-beta.16 at 9551cd3, not a draft, newest in the beta feed
PASS update: 1.22.20-beta.15 -> 1.22.20-beta.16 in 26 s, signed and notarised
PASS bitlocker open: 12 s at /Volumes/BACKUP2_TS
    big  copy     136.9s     7.8 MB/s  osascript 0  4 identical, 0 differing, 0 missing
    big  finder  progress window: Copy; zero-length seen at once: 3; ._ seen: 0, left: 0
    tree copy      10.0s     0.8 MB/s  osascript 0  2000 identical, 0 differing, 0 missing
    tree finder  progress window: Copy; zero-length seen at once: 0; ._ seen: 0, left: 0
    tree delete     0.71s  osascript 0  gone from its folder
    0 failures
PASS bitlocker write: 1024 MB at 7.8 MB/s and 2000 small files in 10.0 s, every byte identical
PASS bitlocker delete: 2000 small files in 0.71 s
PASS bitlocker eject: 14 s
PASS bitlocker reopen: 17 s at /Volumes/BACKUP2_TS
PASS bitlocker read: 512 MB at 39.2 MB/s, every byte identical (passes: 37.0 37.8 39.2)
PASS bitlocker speed: write 7.8 was 9.2 read 39.2 was 41.0 tree 10.0 was 8.8 on 
PASS bitlocker eject: 4 s
PASS keys: Lukotta Beta offered the saved key for /dev/disk4s1 on both opens
PASS ntfs open: 10 s at /Volumes/SANDISK
    big  copy      15.1s    71.1 MB/s  osascript 0  4 identical, 0 differing, 0 missing
    big  finder  progress window: Copy; zero-length seen at once: 3; ._ seen: 0, left: 0
    tree copy       4.8s     1.7 MB/s  osascript 0  2000 identical, 0 differing, 0 missing
    tree finder  progress window: Copy; zero-length seen at once: 0; ._ seen: 0, left: 0
    tree delete     1.30s  osascript 0  gone from its folder
    0 failures
PASS ntfs write: 1024 MB at 71.1 MB/s and 2000 small files in 4.8 s, every byte identical
PASS ntfs delete: 2000 small files in 1.30 s
PASS ntfs eject: 6 s
PASS ntfs reopen: 10 s at /Volumes/SANDISK
PASS ntfs read: 512 MB at 101.3 MB/s, every byte identical (passes: 101.3 67.1 72.6)
PASS ntfs speed: write 71.1 was 67.5 read 101.3 was 103.2 tree 4.8 was 4.8 on Ultra Fit
PASS ntfs eject: 4 s
PASS quit: 0 s
VERDICT 1.22.20-beta.16: proven
