prover b134230d71ec, 2026-09-11T19:22:28Z
PASS published: v1.22.20-beta.3 at 128b6da, not a draft, newest in the beta feed
PASS update: 1.22.20-beta.2 -> 1.22.20-beta.3 in 26 s, signed and notarised
PASS bitlocker open: 13 s at /Volumes/BACKUP2_TS 1
    big  copy     131.3s     8.2 MB/s  osascript 0  4 identical, 0 differing, 0 missing
    big  finder  progress window: Copy; zero-length seen at once: 3; ._ seen: 0, left: 0
    tree copy       9.0s     0.9 MB/s  osascript 0  2000 identical, 0 differing, 0 missing
    tree finder  progress window: Copy; zero-length seen at once: 0; ._ seen: 0, left: 0
    tree delete     1.34s  osascript 0  gone from its folder
    0 failures
PASS bitlocker write: 1024 MB at 8.2 MB/s and 2000 small files in 9.0 s, every byte identical
PASS bitlocker delete: 2000 small files in 1.34 s
PASS bitlocker eject: 12 s
PASS bitlocker reopen: 17 s at /Volumes/BACKUP2_TS 1
PASS bitlocker read: 512 MB at 36.8 MB/s, every byte identical
PASS bitlocker speed: write 8.2 was 8.0 read 36.8 was 37.0 tree 9.0 was 9.0 on 
PASS bitlocker eject: 4 s
PASS keys: Lukotta Beta offered the saved key for /dev/disk4s1 on both opens
PASS ntfs open: 9 s at /Volumes/SANDISK 1
    big  copy      14.1s    76.2 MB/s  osascript 0  4 identical, 0 differing, 0 missing
    big  finder  progress window: Copy; zero-length seen at once: 3; ._ seen: 0, left: 0
    tree copy       4.6s     1.8 MB/s  osascript 0  2000 identical, 0 differing, 0 missing
    tree finder  progress window: Copy; zero-length seen at once: 0; ._ seen: 0, left: 0
    tree delete     1.09s  osascript 0  gone from its folder
    0 failures
PASS ntfs write: 1024 MB at 76.2 MB/s and 2000 small files in 4.6 s, every byte identical
PASS ntfs delete: 2000 small files in 1.09 s
PASS ntfs eject: 4 s
PASS ntfs reopen: 10 s at /Volumes/SANDISK 1
PASS ntfs read: 512 MB at 103.2 MB/s, every byte identical
PASS ntfs speed: write 76.2 was none read 103.2 was none tree 4.6 was none on Ultra Fit
PASS ntfs eject: 3 s
PASS quit: 1 s
VERDICT 1.22.20-beta.3: proven
